// Vitest Snapshot v1, https://vitest.dev/guide/snapshot.html

exports[`SightingCard > should match snapshot with sighting data 1`] = `
<div>
  <div
    class="relative flex min-h-40 flex-1 flex-col justify-between overflow-hidden rounded-[1rem] bg-card p-6 shadow-lg"
  >
    <h3
      class="font-bold text-sm"
    >
      Total Sightings
    </h3>
    <p
      class="text-muted-foreground"
    >
      Mon May 15 2023
    </p>
    <p
      class="text-4xl text-muted-foreground"
    >
      42
    </p>
    <svg
      class="absolute right-4 bottom-4 h-22 w-22 opacity-5"
      data-testid="mock-icon"
    />
  </div>
</div>
`;
